<?xml version="1.0" encoding="utf-8"?><testsuites><testsuite name="pytest" errors="0" failures="0" skipped="0" tests="1" time="0.528" timestamp="2021-08-09T21:46:51.393236" hostname="Maites-MBP.arpnetworking.com"><testcase classname="tests.test_routes" name="test_create_user" time="0.495" /></testsuite></testsuites>